[2026-07-07 10:01] Changes detected, starting sync...
[2026-07-07 10:01] Files staged for commit
[2026-07-07 10:01] Committed: [main 9b2263a] Auto-sync: Wiki updates (2026-07-07 10:01)
 21 files changed, 1714 insertions(+)
 cre
[2026-07-07 10:01] Git push failed: error: src refspec master does not match any
error: failed to push some refs to 'https://github.com/easonLiangWorldedtech/kancolle-wiki.git'
[2026-07-07 10:01] Changes detected, starting sync...
[2026-07-07 10:01] Files staged for commit
[2026-07-07 10:01] Committed: [main b26f6b3] Auto-sync: Wiki updates (2026-07-07 10:01)
 1 file changed, 7 insertions(+)
[2026-07-07 10:01] Git push failed: fatal: unable to access 'https://github.com/easonLiangWorldedtech/kancolle-wiki.git/': Failed to connect to github.com port 443 after 21127 ms: Could not connect to server
[2026-07-08 10:01] Changes detected, starting sync...
[2026-07-08 10:01] Files staged for commit
[2026-07-08 10:01] Committed: [main 5c3591f] Auto-sync: Wiki updates (2026-07-08 10:01)
 11 files changed, 839 insertions(+), 3 de
[2026-07-08 10:01] Pushed to GitHub successfully
[2026-07-09 10:00] Changes detected, starting sync...
[2026-07-09 10:00] Files staged for commit
[2026-07-09 10:00] Committed: [main 96f288b] Auto-sync: Wiki updates (2026-07-09 10:00)
 7 files changed, 11030 insertions(+), 118
[2026-07-09 10:00] Pushed to GitHub successfully
[2026-07-10 10:01] Changes detected, starting sync...
[2026-07-10 10:01] Files staged for commit
[2026-07-10 10:01] Committed: [main 46f8753] Auto-sync: Wiki updates (2026-07-10 10:01)
 5 files changed, 11813 insertions(+), 110
[2026-07-10 10:01] Pushed to GitHub successfully
[2026-07-11 10:00] Changes detected, starting sync...
[2026-07-11 10:00] Files staged for commit
[2026-07-11 10:00] Committed: [main 4314b48] Auto-sync: Wiki updates (2026-07-11 10:00)
 7 files changed, 24 insertions(+)
 create
[2026-07-11 10:00] Pushed to GitHub successfully
[2026-07-12 10:07] Changes detected, starting sync...
[2026-07-12 10:07] Files staged for commit
[2026-07-12 10:07] Committed: [main cbe4ef6] Auto-sync: Wiki updates (2026-07-12 10:07)
 4 files changed, 15 insertions(+)
 create
[2026-07-12 10:07] Pushed to GitHub successfully
[2026-07-13 10:00] Changes detected, starting sync...
[2026-07-13 10:00] Files staged for commit
[2026-07-13 10:00] Committed: [main 186bb9e] Auto-sync: Wiki updates (2026-07-13 10:00)
 3 files changed, 15 insertions(+)
 create
[2026-07-13 10:00] Pushed to GitHub successfully
[2026-07-14 10:01] Changes detected, starting sync...
[2026-07-14 10:01] Files staged for commit
[2026-07-14 10:01] Committed: [main 65f9dce] Auto-sync: Wiki updates (2026-07-14 10:01)
 3 files changed, 17 insertions(+)
 create
[2026-07-14 10:01] Pushed to GitHub successfully
[2026-07-15 10:01] Changes detected, starting sync...
[2026-07-15 10:01] Files staged for commit
[2026-07-15 10:01] Committed: [main 08a7035] Auto-sync: Wiki updates (2026-07-15 10:01)
 3 files changed, 17 insertions(+)
 create
[2026-07-15 10:01] Pushed to GitHub successfully
[2026-07-17 10:01] Changes detected, starting sync...
[2026-07-17 10:01] Files staged for commit
[2026-07-17 10:01] Committed: [main baf38cb] Auto-sync: Wiki updates (2026-07-17 10:01)
 7 files changed, 285 insertions(+), 2 del
[2026-07-17 10:01] Pushed to GitHub successfully
[2026-07-18 10:01] Changes detected, starting sync...
[2026-07-18 10:01] Files staged for commit
[2026-07-18 10:01] Committed: [main 5a06b7d] Auto-sync: Wiki updates (2026-07-18 10:01)
 4 files changed, 46 insertions(+)
 create
[2026-07-18 10:01] Pushed to GitHub successfully
[2026-07-19 10:01] Changes detected, starting sync...
[2026-07-19 10:01] Files staged for commit
[2026-07-19 10:01] Committed: [main 7933ae7] Auto-sync: Wiki updates (2026-07-19 10:01)
 5 files changed, 17 insertions(+)
 create
[2026-07-19 10:01] Pushed to GitHub successfully
[2026-07-20 10:00] Changes detected, starting sync...
[2026-07-20 10:00] Files staged for commit
[2026-07-20 10:00] Committed: [main 8e4d95b] Auto-sync: Wiki updates (2026-07-20 10:00)
 2 files changed, 13 insertions(+)
 create
[2026-07-20 10:00] Pushed to GitHub successfully
[2026-07-21 10:01] Changes detected, starting sync...
[2026-07-21 10:01] Files staged for commit
[2026-07-21 10:01] Committed: [main 2bbdda5] Auto-sync: Wiki updates (2026-07-21 10:01)
 3 files changed, 55 insertions(+)
 create
[2026-07-21 10:01] Pushed to GitHub successfully
[2026-07-22 10:00] Changes detected, starting sync...
Files staged for commit
Committed: Auto-sync: Wiki updates (2026-07-22 10:00)
Pushed to GitHub successfully
[2026-07-23 10:01] Changes detected, starting sync...
[2026-07-23 10:01] Files staged for commit
[2026-07-23 10:01] Committed: [main 4f646cd] Auto-sync: Wiki updates (2026-07-23 10:01)
 4 files changed, 19 insertions(+)
 create
[2026-07-23 10:01] Pushed to GitHub successfully
[2026-07-23 10:01] Changes detected, starting sync...
[2026-07-23 10:01] Files staged for commit
[2026-07-23 10:01] Committed: [main f94db95] Auto-sync: Wiki updates (2026-07-23 10:01)
 1 file changed, 6 insertions(+)
[2026-07-23 10:01] Pushed to GitHub successfully
[2026-07-25 10:00] Changes detected, starting sync...
[2026-07-25 10:00] Files staged for commit
[2026-07-25 10:00] Committed: [main af736dd] Auto-sync: Wiki updates (2026-07-25 10:00)
 5 files changed, 25 insertions(+)
 create
[2026-07-25 10:00] Pushed to GitHub successfully
[2026-07-27 10:00] Changes detected, starting sync...
[2026-07-27 10:00] Files staged for commit
[2026-07-27 10:00] Committed: [main 96937bd] Auto-sync: Wiki updates (2026-07-27 10:00)
 11 files changed, 726 insertions(+)
 crea
[2026-07-27 10:00] Pushed to GitHub successfully
[2026-07-28 10:00] Changes detected, starting sync...
[2026-07-28 10:00] Files staged for commit
[2026-07-28 10:00] Committed: [main 304bd17] Auto-sync: Wiki updates (2026-07-28 10:00)
 3 files changed, 17 insertions(+)
 create
[2026-07-28 10:00] Pushed to GitHub successfully
[2026-07-29 10:01] Changes detected, starting sync...
[2026-07-29 10:01] Files staged for commit
[2026-07-29 10:01] Committed: [main 7f1a663] Auto-sync: Wiki updates (2026-07-29 10:01)
 3 files changed, 246 insertions(+)
 creat
[2026-07-29 10:01] Pushed to GitHub successfully
[2026-07-30 10:00] Changes detected, starting sync...
[2026-07-30 10:00] Files staged for commit
[2026-07-30 10:00] Committed: [main b9eea84] Auto-sync: Wiki updates (2026-07-30 10:00)
 5 files changed, 167 insertions(+)
 creat
[2026-07-30 10:00] Pushed to GitHub successfully
[2026-07-31 10:00] ✅ Wiki synced to GitHub - 3 files committed + pushed
[2026-08-02 10:01] Changes detected, starting sync...
[2026-08-02 10:01] Files staged for commit
[2026-08-02 10:01] Committed: [main 039b1f1] Auto-sync: Wiki updates (2026-08-02 10:01)
 9 files changed, 379 insertions(+)
 creat
[2026-08-02 10:01] Pushed to GitHub successfully
[2026-08-04 10:00] Changes detected, starting sync...
[2026-08-04 10:00] Files staged for commit
[2026-08-04 10:00] Committed: [main bf3356c] Auto-sync: Wiki updates (2026-08-04 10:00)
 10 files changed, 5486 insertions(+), 204
[2026-08-04 10:00] Pushed to GitHub successfully
[2026-08-05 10:00] Changes detected, starting sync...
[2026-08-05 10:00] Files staged for commit
[2026-08-05 10:00] Committed: [main 389d52b] Auto-sync: Wiki updates (2026-08-05 10:00)
 3 files changed, 16 insertions(+)
 create
[2026-08-05 10:00] Pushed to GitHub successfully
[2026-08-06 10:00] Changes detected, starting sync...
[2026-08-06 10:00] Files staged for commit
[2026-08-06 10:00] Committed: [main e8106bd] Auto-sync: Wiki updates (2026-08-06 10:00)
 3 files changed, 17 insertions(+)
 create
[2026-08-06 10:00] Pushed to GitHub successfully
[2026-08-09 10:00] Changes detected, starting sync...
[2026-08-09 10:00] Files staged for commit
[2026-08-09 10:00] Committed: [main 4db556b] Auto-sync: Wiki updates (2026-08-09 10:00)
 5 files changed, 127 insertions(+)
 creat
[2026-08-09 10:00] Pushed to GitHub successfully
[2026-08-10 10:01] Changes detected, starting sync...
[2026-08-10 10:01] Files staged for commit
[2026-08-10 10:01] Committed: [main d8766d4] Auto-sync: Wiki updates (2026-08-10 10:01)
 4 files changed, 17 insertions(+)
 create
[2026-08-10 10:01] Pushed to GitHub successfully
[2026-08-11 10:00] kancolle-git-sync completed - Committed + pushed (4 files)
[2026-08-12 10:01] Changes detected, starting sync...
[2026-08-12 10:01] Files staged for commit
[2026-08-12 10:01] Committed: [main 1f03c26] Auto-sync: Wiki updates (2026-08-12 10:01)
 4 files changed, 13 insertions(+)
 create
[2026-08-12 10:01] Pushed to GitHub successfully
[2026-08-13 10:00] Changes detected, starting sync...
[2026-08-13 10:00] Files staged for commit
[2026-08-13 10:00] Committed: [main 5d5225c] Auto-sync: Wiki updates (2026-08-13 10:00)
 4 files changed, 17 insertions(+)
 create
[2026-08-13 10:00] Pushed to GitHub successfully
[2026-08-14 10:00] Changes detected, starting sync...
[2026-08-14 10:00] Files staged for commit
[2026-08-14 10:00] Committed: [main c361721] Auto-sync: Wiki updates (2026-08-14 10:00)
 4 files changed, 16 insertions(+), create mode meta/2026-08-14-research.md
[2026-08-14 10:00] Pushed to GitHub successfully
[2026-08-16 10:00] Changes detected, starting sync...
[2026-08-16 10:00] Files staged for commit
[2026-08-16 10:00] Committed: [main af25e49] Auto-sync: Wiki updates (2026-08-16 10:00)
 3 files changed, 20 insertions(+)
 create
[2026-08-16 10:00] Pushed to GitHub successfully
[2026-08-19 10:00] Changes detected, starting sync...
[2026-08-19 10:00] Files staged for commit
[2026-08-19 10:00] Committed: [main 8389572] Auto-sync: Wiki updates (2026-08-19 10:00)
 4 files changed, 17 insertions(+)
 create
[2026-08-19 10:00] Pushed to GitHub successfully
